0 verbose cli /root/.nvm/versions/node/v22.23.1/bin/node /root/.nvm/versions/node/v22.23.1/bin/npm
1 info using npm@10.9.8
2 info using node@v22.23.1
3 silly config load:file:/root/.nvm/versions/node/v22.23.1/lib/node_modules/npm/npmrc
4 silly config load:file:/var/www/html/nxt.bargains/.npmrc
5 silly config load:file:/root/.nvm/versions/node/v22.23.1/etc/npmrc
6 verbose title npm install
7 verbose argv "install" "--no-audit" "--no-fund"
8 verbose logfile logs-max:10 dir:/var/www/html/nxt.bargains/.npm-cache/_logs/2026-07-24T13_30_20_435Z-
9 verbose logfile /var/www/html/nxt.bargains/.npm-cache/_logs/2026-07-24T13_30_20_435Z-debug-0.log
10 silly logfile done cleaning log files
11 silly packumentCache heap:4345298944 maxSize:1086324736 maxEntrySize:543162368
12 silly idealTree buildDeps
13 silly reify moves {}
14 verbose reify failed optional dependency /var/www/html/nxt.bargains/node_modules/@next/swc-win32-x64-msvc
15 silly reify mark deleted [ '/var/www/html/nxt.bargains/node_modules/@next/swc-win32-x64-msvc' ]
16 verbose reify failed optional dependency /var/www/html/nxt.bargains/node_modules/@next/swc-win32-arm64-msvc
17 silly reify mark deleted [
17 silly reify   '/var/www/html/nxt.bargains/node_modules/@next/swc-win32-arm64-msvc'
17 silly reify ]
18 verbose reify failed optional dependency /var/www/html/nxt.bargains/node_modules/@next/swc-linux-arm64-musl
19 silly reify mark deleted [
19 silly reify   '/var/www/html/nxt.bargains/node_modules/@next/swc-linux-arm64-musl'
19 silly reify ]
20 verbose reify failed optional dependency /var/www/html/nxt.bargains/node_modules/@next/swc-linux-arm64-gnu
21 silly reify mark deleted [ '/var/www/html/nxt.bargains/node_modules/@next/swc-linux-arm64-gnu' ]
22 verbose reify failed optional dependency /var/www/html/nxt.bargains/node_modules/@next/swc-darwin-x64
23 silly reify mark deleted [ '/var/www/html/nxt.bargains/node_modules/@next/swc-darwin-x64' ]
24 verbose reify failed optional dependency /var/www/html/nxt.bargains/node_modules/@next/swc-darwin-arm64
25 silly reify mark deleted [ '/var/www/html/nxt.bargains/node_modules/@next/swc-darwin-arm64' ]
26 silly ADD
27 silly ADD
28 silly ADD
29 silly ADD
30 silly ADD
31 silly ADD
32 verbose cwd /var/www/html/nxt.bargains
33 verbose os Linux 7.0.0-28-generic
34 verbose node v22.23.1
35 verbose npm  v10.9.8
36 verbose exit 0
37 info ok
