0 verbose cli /root/.nvm/versions/node/v22.23.1/bin/node /root/.nvm/versions/node/v22.23.1/bin/npm
1 info using npm@10.9.8
2 info using node@v22.23.1
3 silly config load:file:/root/.nvm/versions/node/v22.23.1/lib/node_modules/npm/npmrc
4 silly config load:file:/var/www/html/nxt.bargains/.npmrc
5 silly config load:file:/root/.nvm/versions/node/v22.23.1/etc/npmrc
6 verbose title npm install
7 verbose argv "install" "--no-audit" "--no-fund"
8 verbose logfile logs-max:10 dir:/var/www/html/nxt.bargains/.npm-cache/_logs/2026-07-24T13_08_03_965Z-
9 verbose logfile /var/www/html/nxt.bargains/.npm-cache/_logs/2026-07-24T13_08_03_965Z-debug-0.log
10 silly logfile done cleaning log files
11 silly packumentCache heap:4345298944 maxSize:1086324736 maxEntrySize:543162368
12 silly idealTree buildDeps
13 silly reify moves {}
14 verbose cwd /var/www/html/nxt.bargains
15 verbose os Linux 7.0.0-28-generic
16 verbose node v22.23.1
17 verbose npm  v10.9.8
18 verbose exit 0
19 info ok
