0 verbose cli /root/.nvm/versions/node/v22.23.1/bin/node /root/.nvm/versions/node/v22.23.1/bin/npm
1 info using npm@10.9.8
2 info using node@v22.23.1
3 silly config load:file:/root/.nvm/versions/node/v22.23.1/lib/node_modules/npm/npmrc
4 silly config load:file:/var/www/html/nxt.bargains/.npmrc
5 silly config load:file:/root/.nvm/versions/node/v22.23.1/etc/npmrc
6 verbose title npm ci
7 verbose argv "ci" "--no-audit" "--no-fund"
8 verbose logfile logs-max:10 dir:/var/www/html/nxt.bargains/.npm-cache/_logs/2026-07-24T13_08_03_734Z-
9 verbose logfile /var/www/html/nxt.bargains/.npm-cache/_logs/2026-07-24T13_08_03_734Z-debug-0.log
10 silly logfile done cleaning log files
11 silly packumentCache heap:4345298944 maxSize:1086324736 maxEntrySize:543162368
12 verbose loadVirtual Error: loadVirtual requires existing shrinkwrap file
12 verbose loadVirtual     at Arborist.loadVirtual (/root/.nvm/versions/node/v22.23.1/lib/node_modules/npm/node_modules/@npmcli/arborist/lib/arborist/load-virtual.js:51:18)
12 verbose loadVirtual     at async CI.exec (/root/.nvm/versions/node/v22.23.1/lib/node_modules/npm/lib/commands/ci.js:49:5)
12 verbose loadVirtual     at async Npm.exec (/root/.nvm/versions/node/v22.23.1/lib/node_modules/npm/lib/npm.js:207:9)
12 verbose loadVirtual     at async module.exports (/root/.nvm/versions/node/v22.23.1/lib/node_modules/npm/lib/cli/entry.js:74:5)
13 verbose stack Error: 
13 verbose stack The `npm ci` command can only install with an existing package-lock.json or
13 verbose stack npm-shrinkwrap.json with lockfileVersion >= 1. Run an install with npm@5 or
13 verbose stack later to generate a package-lock.json file, then try again.
13 verbose stack
13 verbose stack Clean install a project
13 verbose stack
13 verbose stack Usage:
13 verbose stack npm ci
13 verbose stack
13 verbose stack Options:
13 verbose stack [--install-strategy <hoisted|nested|shallow|linked>] [--legacy-bundling]
13 verbose stack [--global-style] [--omit <dev|optional|peer> [--omit <dev|optional|peer> ...]]
13 verbose stack [--include <prod|dev|optional|peer> [--include <prod|dev|optional|peer> ...]]
13 verbose stack [--strict-peer-deps] [--foreground-scripts] [--ignore-scripts] [--no-audit]
13 verbose stack [--no-bin-links] [--no-fund] [--dry-run]
13 verbose stack [-w|--workspace <workspace-name> [-w|--workspace <workspace-name> ...]]
13 verbose stack [-ws|--workspaces] [--include-workspace-root] [--install-links]
13 verbose stack
13 verbose stack aliases: clean-install, ic, install-clean, isntall-clean
13 verbose stack
13 verbose stack Run "npm help ci" for more info
13 verbose stack     at CI.usageError (/root/.nvm/versions/node/v22.23.1/lib/node_modules/npm/lib/base-cmd.js:111:26)
13 verbose stack     at /root/.nvm/versions/node/v22.23.1/lib/node_modules/npm/lib/commands/ci.js:55:18
13 verbose stack     at async CI.exec (/root/.nvm/versions/node/v22.23.1/lib/node_modules/npm/lib/commands/ci.js:49:5)
13 verbose stack     at async Npm.exec (/root/.nvm/versions/node/v22.23.1/lib/node_modules/npm/lib/npm.js:207:9)
13 verbose stack     at async module.exports (/root/.nvm/versions/node/v22.23.1/lib/node_modules/npm/lib/cli/entry.js:74:5)
14 error code EUSAGE
15 error
15 error The `npm ci` command can only install with an existing package-lock.json or
15 error npm-shrinkwrap.json with lockfileVersion >= 1. Run an install with npm@5 or
15 error later to generate a package-lock.json file, then try again.
15 error
15 error Clean install a project
15 error
15 error Usage:
15 error npm ci
15 error
15 error Options:
15 error [--install-strategy <hoisted|nested|shallow|linked>] [--legacy-bundling]
15 error [--global-style] [--omit <dev|optional|peer> [--omit <dev|optional|peer> ...]]
15 error [--include <prod|dev|optional|peer> [--include <prod|dev|optional|peer> ...]]
15 error [--strict-peer-deps] [--foreground-scripts] [--ignore-scripts] [--no-audit]
15 error [--no-bin-links] [--no-fund] [--dry-run]
15 error [-w|--workspace <workspace-name> [-w|--workspace <workspace-name> ...]]
15 error [-ws|--workspaces] [--include-workspace-root] [--install-links]
15 error
15 error aliases: clean-install, ic, install-clean, isntall-clean
15 error
15 error Run "npm help ci" for more info
16 verbose cwd /var/www/html/nxt.bargains
17 verbose os Linux 7.0.0-28-generic
18 verbose node v22.23.1
19 verbose npm  v10.9.8
20 verbose exit 1
21 verbose code 1
22 error A complete log of this run can be found in: /var/www/html/nxt.bargains/.npm-cache/_logs/2026-07-24T13_08_03_734Z-debug-0.log
