0 verbose cli /usr/bin/node /usr/bin/npm
1 info using npm@9.2.0
2 info using node@v22.22.1
3 timing npm:load:whichnode Completed in 0ms
4 timing config:load:defaults Completed in 1ms
5 timing config:load:file:/usr/share/nodejs/npm/npmrc Completed in 2ms
6 timing config:load:builtin Completed in 2ms
7 timing config:load:cli Completed in 3ms
8 timing config:load:env Completed in 0ms
9 timing config:load:project Completed in 4ms
10 timing config:load:file:/var/www/html/nxt.bargains/.npmrc Completed in 0ms
11 timing config:load:user Completed in 0ms
12 timing config:load:file:/etc/npmrc Completed in 0ms
13 timing config:load:global Completed in 0ms
14 timing config:load:setEnvs Completed in 0ms
15 timing config:load Completed in 11ms
16 timing npm:load:configload Completed in 11ms
17 timing npm:load:mkdirpcache Completed in 1ms
18 timing npm:load:mkdirplogs Completed in 0ms
19 verbose title npm install
20 verbose argv "install" "--no-audit" "--no-fund"
21 timing npm:load:setTitle Completed in 0ms
22 timing config:load:flatten Completed in 3ms
23 timing npm:load:display Completed in 3ms
24 verbose logfile logs-max:10 dir:/var/www/html/nxt.bargains/.npm-cache/_logs/2026-07-24T13_37_01_765Z-
25 verbose logfile /var/www/html/nxt.bargains/.npm-cache/_logs/2026-07-24T13_37_01_765Z-debug-0.log
26 timing npm:load:logFile Completed in 7ms
27 timing npm:load:timers Completed in 1ms
28 timing npm:load:configScope Completed in 0ms
29 timing npm:load Completed in 24ms
30 timing config:load:flatten Completed in 0ms
31 timing arborist:ctor Completed in 0ms
32 silly logfile done cleaning log files
33 timing idealTree:init Completed in 74ms
34 timing idealTree:userRequests Completed in 0ms
35 silly idealTree buildDeps
36 timing idealTree:#root Completed in 0ms
37 timing idealTree:buildDeps Completed in 0ms
38 timing idealTree:fixDepFlags Completed in 0ms
39 timing idealTree Completed in 77ms
40 timing arborist:ctor Completed in 0ms
41 timing reify:loadTrees Completed in 121ms
42 timing reify:diffTrees Completed in 3ms
43 silly reify moves {}
44 timing reify:retireShallow Completed in 1ms
45 timing reify:createSparse Completed in 0ms
46 timing reify:loadBundles Completed in 0ms
47 verbose reify failed optional dependency /var/www/html/nxt.bargains/node_modules/@next/swc-win32-x64-msvc
48 silly reify mark deleted [ '/var/www/html/nxt.bargains/node_modules/@next/swc-win32-x64-msvc' ]
49 verbose reify failed optional dependency /var/www/html/nxt.bargains/node_modules/@next/swc-win32-arm64-msvc
50 silly reify mark deleted [
50 silly reify   '/var/www/html/nxt.bargains/node_modules/@next/swc-win32-arm64-msvc'
50 silly reify ]
51 verbose reify failed optional dependency /var/www/html/nxt.bargains/node_modules/@next/swc-linux-arm64-musl
52 silly reify mark deleted [
52 silly reify   '/var/www/html/nxt.bargains/node_modules/@next/swc-linux-arm64-musl'
52 silly reify ]
53 verbose reify failed optional dependency /var/www/html/nxt.bargains/node_modules/@next/swc-linux-arm64-gnu
54 silly reify mark deleted [ '/var/www/html/nxt.bargains/node_modules/@next/swc-linux-arm64-gnu' ]
55 verbose reify failed optional dependency /var/www/html/nxt.bargains/node_modules/@next/swc-darwin-x64
56 silly reify mark deleted [ '/var/www/html/nxt.bargains/node_modules/@next/swc-darwin-x64' ]
57 verbose reify failed optional dependency /var/www/html/nxt.bargains/node_modules/@next/swc-darwin-arm64
58 silly reify mark deleted [ '/var/www/html/nxt.bargains/node_modules/@next/swc-darwin-arm64' ]
59 timing reifyNode:node_modules/@next/swc-win32-x64-msvc Completed in 3ms
60 timing reifyNode:node_modules/@next/swc-win32-arm64-msvc Completed in 3ms
61 timing reifyNode:node_modules/@next/swc-linux-arm64-musl Completed in 3ms
62 timing reifyNode:node_modules/@next/swc-linux-arm64-gnu Completed in 3ms
63 timing reifyNode:node_modules/@next/swc-darwin-x64 Completed in 3ms
64 timing reifyNode:node_modules/@next/swc-darwin-arm64 Completed in 3ms
65 timing reify:unpack Completed in 3ms
66 timing reify:unretire Completed in 0ms
67 timing build:queue Completed in 0ms
68 timing build:deps Completed in 0ms
69 timing build Completed in 0ms
70 timing reify:build Completed in 1ms
71 timing reify:trash Completed in 1ms
72 timing reify:save Completed in 57ms
73 timing reify Completed in 236ms
74 silly ADD
75 silly ADD
76 silly ADD
77 silly ADD
78 silly ADD
79 silly ADD
80 timing command:install Completed in 245ms
81 verbose exit 0
82 timing npm Completed in 292ms
83 info ok
